// Jest Snapshot v1, https://goo.gl/fbAQLP

exports[`reders correctly enzyme 1`] = `
<div>
  <h1>
     Basic Test
  </h1>
</div>
`;
